Warning: You are sending unauthenticated requests to the HF Hub. Please set a HF_TOKEN to enable higher rate limits and faster downloads.
[transformers] `torch_dtype` is deprecated! Use `dtype` instead!
Loading weights:   0%|          | 0/311 [00:00<?, ?it/s]Loading weights:   0%|          | 1/311 [00:00<00:33,  9.38it/s]Loading weights:  62%|######2   | 193/311 [00:00<00:00, 1103.26it/s]Loading weights: 100%|##########| 311/311 [00:00<00:00, 1089.20it/s]
fitting directions at layer 16...
  parity ||v_conf||=4.04 ||v_cont||=2.34 (22s)
  magnitude ||v_conf||=5.98 ||v_cont||=6.81 (45s)
  yesno ||v_conf||=4.72 ||v_cont||=3.80 (67s)
  letter ||v_conf||=6.99 ||v_cont||=3.62 (89s)
mean ||resid|| at layer 16 = 66.90

  held=parity baseline CLD=+1.658 mass=1.000
   loo_conflict   -1.00:-2.20 -0.60:-2.92 -0.35:-2.99 -0.20:-2.12 +0.20:+0.50 +0.35:-0.12 +0.60:-1.55 +1.00:-1.69
   own_conflict   -1.00:-1.71 -0.60:-3.81 -0.35:-3.95 -0.20:-2.92 +0.20:+0.63 +0.35:+0.43 +0.60:-0.94 +1.00:-1.68
   loo_content    -1.00:-1.48 -0.60:-1.25 -0.35:-0.44 -0.20:+0.19 +0.20:-0.58 +0.35:-1.13 +0.60:-1.50 +1.00:-1.63
   random         -1.00:-1.55 -0.60:-2.49 -0.35:-1.66 -0.20:-0.73 +0.20:+0.28 +0.35:+0.27 +0.60:-0.22 +1.00:-1.18

  held=magnitude baseline CLD=+3.095 mass=1.000
   loo_conflict   -1.00:-1.67 -0.60:+0.36 -0.35:+0.80 -0.20:+0.54 +0.20:-0.66 +0.35:-1.88 +0.60:-3.13 +1.00:-3.28
   own_conflict   -1.00:-6.06 -0.60:-2.37 -0.35:-0.93 -0.20:-0.57 +0.20:+0.26 +0.35:-0.27 +0.60:-2.33 +1.00:-3.35
   loo_content    -1.00:-2.68 -0.60:-0.28 -0.35:+0.48 -0.20:+0.37 +0.20:-0.49 +0.35:-1.19 +0.60:-2.53 +1.00:-3.19
   random         -1.00:-1.10 -0.60:-0.81 -0.35:-0.69 -0.20:-0.42 +0.20:-0.20 +0.35:-0.92 +0.60:-2.37 +1.00:-3.05

  held=yesno baseline CLD=-4.773 mass=0.974
   loo_conflict   -1.00:+0.63 -0.60:+0.15 -0.35:-0.28 -0.20:-1.17 +0.20:+2.51 +0.35:+2.64 +0.60:+2.84 +1.00:+4.10
   own_conflict   -1.00:+0.02 -0.60:-1.92 -0.35:-2.82 -0.20:-2.78 +0.20:+2.68 +0.35:+3.31 +0.60:+3.28 +1.00:+4.18
   loo_content    -1.00:+2.45 -0.60:-0.03 -0.35:-1.44 -0.20:-1.46 +0.20:+2.27 +0.35:+3.58 +0.60:+4.02 +1.00:+3.49
   random         -1.00:+3.39 -0.60:+1.84 -0.35:+0.41 -0.20:-0.08 +0.20:+0.52 +0.35:+0.94 +0.60:+1.75 +1.00:+2.90

  held=letter baseline CLD=-1.217 mass=0.989
   loo_conflict   -1.00:-9.44 -0.60:-7.95 -0.35:-6.05 -0.20:-4.11 +0.20:+2.80 +0.35:+2.48 +0.60:+0.70 +1.00:+1.23
   own_conflict   -1.00:-7.57 -0.60:-9.21 -0.35:-8.48 -0.20:-6.02 +0.20:+4.11 +0.35:+4.06 +0.60:+1.31 +1.00:+0.68
   loo_content    -1.00:-1.45 -0.60:-2.91 -0.35:-3.26 -0.20:-2.55 +0.20:+3.85 +0.35:+5.55 +0.60:+4.97 +1.00:+2.09
   random         -1.00:+0.42 -0.60:-0.01 -0.35:+0.56 -0.20:+0.59 +0.20:-1.30 +0.35:-2.47 +0.60:-3.29 +1.00:-1.22
saved.
